source ~/.bashrc && ./builds/CP_WRITE_SYNC_RANDOM_WRITES/sim TRACES/imat/spec/bwaves.imat.gz -s 100000000 -w 0 > out/imat/spec/CP_WRITE_SYNC_RANDOM_WRITES/bwaves.out &
source ~/.bashrc && ./builds/CP_WRITE_SYNC_RANDOM_WRITES/sim TRACES/imat/spec/xz.imat.gz -s 100000000 -w 0 > out/imat/spec/CP_WRITE_SYNC_RANDOM_WRITES/xz.out &
source ~/.bashrc && ./builds/CP_WRITE_SYNC_RANDOM_WRITES/sim TRACES/imat/spec/gcc.imat.gz -s 100000000 -w 0 > out/imat/spec/CP_WRITE_SYNC_RANDOM_WRITES/gcc.out &
source ~/.bashrc && ./builds/CP_WRITE_SYNC_RANDOM_WRITES/sim TRACES/imat/spec/mcf.imat.gz -s 100000000 -w 0 > out/imat/spec/CP_WRITE_SYNC_RANDOM_WRITES/mcf.out &
source ~/.bashrc && ./builds/CP_WRITE_SYNC_RANDOM_WRITES/sim TRACES/imat/spec/leela.imat.gz -s 100000000 -w 0 > out/imat/spec/CP_WRITE_SYNC_RANDOM_WRITES/leela.out &
source ~/.bashrc && ./builds/CP_WRITE_SYNC_RANDOM_WRITES/sim TRACES/imat/spec/xalancbmk.imat.gz -s 100000000 -w 0 > out/imat/spec/CP_WRITE_SYNC_RANDOM_WRITES/xalancbmk.out &
source ~/.bashrc && ./builds/CP_WRITE_SYNC_RANDOM_WRITES/sim TRACES/imat/spec/omnetpp.imat.gz -s 100000000 -w 0 > out/imat/spec/CP_WRITE_SYNC_RANDOM_WRITES/omnetpp.out &
source ~/.bashrc && ./builds/CP_WRITE_SYNC_RANDOM_WRITES/sim TRACES/imat/spec/fotonik3d.imat.gz -s 100000000 -w 0 > out/imat/spec/CP_WRITE_SYNC_RANDOM_WRITES/fotonik3d.out &
source ~/.bashrc && ./builds/CP_WRITE_SYNC_RANDOM_WRITES/sim TRACES/imat/spec/cam4.imat.gz -s 100000000 -w 0 > out/imat/spec/CP_WRITE_SYNC_RANDOM_WRITES/cam4.out &
source ~/.bashrc && ./builds/CP_WRITE_SYNC_RANDOM_WRITES/sim TRACES/imat/spec/pop2.imat.gz -s 100000000 -w 0 > out/imat/spec/CP_WRITE_SYNC_RANDOM_WRITES/pop2.out &
source ~/.bashrc && ./builds/CP_WRITE_SYNC_RANDOM_WRITES/sim TRACES/imat/spec/imagick.imat.gz -s 100000000 -w 0 > out/imat/spec/CP_WRITE_SYNC_RANDOM_WRITES/imagick.out &
source ~/.bashrc && ./builds/CP_WRITE_SYNC_RANDOM_WRITES/sim TRACES/imat/spec/x264.imat.gz -s 100000000 -w 0 > out/imat/spec/CP_WRITE_SYNC_RANDOM_WRITES/x264.out &
source ~/.bashrc && ./builds/CP_WRITE_SYNC_RANDOM_WRITES/sim TRACES/imat/spec/exchange2.imat.gz -s 100000000 -w 0 > out/imat/spec/CP_WRITE_SYNC_RANDOM_WRITES/exchange2.out &
source ~/.bashrc && ./builds/CP_WRITE_SYNC_RANDOM_WRITES/sim TRACES/imat/spec/perlbench.imat.gz -s 100000000 -w 0 > out/imat/spec/CP_WRITE_SYNC_RANDOM_WRITES/perlbench.out &
source ~/.bashrc && ./builds/CP_WRITE_SYNC_RANDOM_WRITES/sim TRACES/imat/spec/roms.imat.gz -s 100000000 -w 0 > out/imat/spec/CP_WRITE_SYNC_RANDOM_WRITES/roms.out &
source ~/.bashrc && ./builds/CP_WRITE_SYNC_RANDOM_WRITES/sim TRACES/imat/spec/nab.imat.gz -s 100000000 -w 0 > out/imat/spec/CP_WRITE_SYNC_RANDOM_WRITES/nab.out &
source ~/.bashrc && ./builds/CP_WRITE_SYNC_RANDOM_WRITES/sim TRACES/imat/spec/cactuBSSN.imat.gz -s 100000000 -w 0 > out/imat/spec/CP_WRITE_SYNC_RANDOM_WRITES/cactuBSSN.out &
source ~/.bashrc && ./builds/CP_WRITE_SYNC_RANDOM_WRITES/sim TRACES/imat/spec/deepsjeng.imat.gz -s 100000000 -w 0 > out/imat/spec/CP_WRITE_SYNC_RANDOM_WRITES/deepsjeng.out &
source ~/.bashrc && ./builds/CP_WRITE_SYNC_RANDOM_WRITES/sim TRACES/imat/spec/lbm.imat.gz -s 100000000 -w 0 > out/imat/spec/CP_WRITE_SYNC_RANDOM_WRITES/lbm.out &
source ~/.bashrc && ./builds/CP_WRITE_SYNC_RANDOM_WRITES/sim TRACES/imat/spec/wrf.imat.gz -s 100000000 -w 0 > out/imat/spec/CP_WRITE_SYNC_RANDOM_WRITES/wrf.out &
source ~/.bashrc && ./builds/CP_WRITE_SYNC_RANDOM_WRITES/sim TRACES/imat/ligra/cf.imat.gz -s 100000000 -w 0 > out/imat/ligra/CP_WRITE_SYNC_RANDOM_WRITES/cf.out &
source ~/.bashrc && ./builds/CP_WRITE_SYNC_RANDOM_WRITES/sim TRACES/imat/ligra/bfs.imat.gz -s 100000000 -w 0 > out/imat/ligra/CP_WRITE_SYNC_RANDOM_WRITES/bfs.out &
source ~/.bashrc && ./builds/CP_WRITE_SYNC_RANDOM_WRITES/sim TRACES/imat/ligra/bc.imat.gz -s 100000000 -w 0 > out/imat/ligra/CP_WRITE_SYNC_RANDOM_WRITES/bc.out &
source ~/.bashrc && ./builds/CP_WRITE_SYNC_RANDOM_WRITES/sim TRACES/imat/ligra/mis.imat.gz -s 100000000 -w 0 > out/imat/ligra/CP_WRITE_SYNC_RANDOM_WRITES/mis.out &
source ~/.bashrc && ./builds/CP_WRITE_SYNC_RANDOM_WRITES/sim TRACES/imat/ligra/pagerankdelta.imat.gz -s 100000000 -w 0 > out/imat/ligra/CP_WRITE_SYNC_RANDOM_WRITES/pagerankdelta.out &
source ~/.bashrc && ./builds/CP_WRITE_SYNC_RANDOM_WRITES/sim TRACES/imat/ligra/components.imat.gz -s 100000000 -w 0 > out/imat/ligra/CP_WRITE_SYNC_RANDOM_WRITES/components.out &
source ~/.bashrc && ./builds/CP_WRITE_SYNC_RANDOM_WRITES/sim TRACES/imat/ligra/components-shortcut.imat.gz -s 100000000 -w 0 > out/imat/ligra/CP_WRITE_SYNC_RANDOM_WRITES/components-shortcut.out &
source ~/.bashrc && ./builds/CP_WRITE_SYNC_RANDOM_WRITES/sim TRACES/imat/ligra/pagerank.imat.gz -s 100000000 -w 0 > out/imat/ligra/CP_WRITE_SYNC_RANDOM_WRITES/pagerank.out &
source ~/.bashrc && ./builds/CP_WRITE_SYNC_RANDOM_WRITES/sim TRACES/imat/ligra/triangle.imat.gz -s 100000000 -w 0 > out/imat/ligra/CP_WRITE_SYNC_RANDOM_WRITES/triangle.out &
source ~/.bashrc && ./builds/CP_WRITE_SYNC_RANDOM_WRITES/sim TRACES/imat/ligra/bellmanford.imat.gz -s 100000000 -w 0 > out/imat/ligra/CP_WRITE_SYNC_RANDOM_WRITES/bellmanford.out &
source ~/.bashrc && ./builds/CP_WRITE_SYNC_RANDOM_WRITES/sim TRACES/imat/ligra/bfs-bitvector.imat.gz -s 100000000 -w 0 > out/imat/ligra/CP_WRITE_SYNC_RANDOM_WRITES/bfs-bitvector.out &
source ~/.bashrc && ./builds/CP_WRITE_SYNC_RANDOM_WRITES/sim TRACES/imat/ligra/bfscc.imat.gz -s 100000000 -w 0 > out/imat/ligra/CP_WRITE_SYNC_RANDOM_WRITES/bfscc.out &
source ~/.bashrc && ./builds/CP_WRITE_SYNC_RANDOM_WRITES/sim TRACES/imat/ligra/radii.imat.gz -s 100000000 -w 0 > out/imat/ligra/CP_WRITE_SYNC_RANDOM_WRITES/radii.out &
